
Merging program properties

Removed property 0xc0000002 to merge kernel/start.o (0x3) and kernel/kernel.o (not found)
Removed property 0xc0000002 to merge kernel/start.o (not found) and kernel/main.o (0x3)
Removed property 0xc0000002 to merge kernel/start.o (not found) and kernel/clock.o (0x3)
Removed property 0xc0000002 to merge kernel/start.o (not found) and kernel/keyboard.o (0x3)
Removed property 0xc0000002 to merge kernel/start.o (not found) and kernel/tty.o (0x3)
Removed property 0xc0000002 to merge kernel/start.o (not found) and kernel/console.o (0x3)
Removed property 0xc0000002 to merge kernel/start.o (not found) and kernel/i8259.o (0x3)
Removed property 0xc0000002 to merge kernel/start.o (not found) and kernel/global.o (0x3)
Removed property 0xc0000002 to merge kernel/start.o (not found) and kernel/protect.o (0x3)
Removed property 0xc0000002 to merge kernel/start.o (not found) and kernel/proc.o (0x3)
Removed property 0xc0000002 to merge kernel/start.o (not found) and kernel/systask.o (0x3)
Removed property 0xc0000002 to merge kernel/start.o (not found) and kernel/hd.o (0x3)
Removed property 0xc0000002 to merge kernel/start.o (not found) and lib/printf.o (0x3)
Removed property 0xc0000002 to merge kernel/start.o (not found) and lib/vsprintf.o (0x3)
Removed property 0xc0000002 to merge kernel/start.o (not found) and lib/klib.o (0x3)
Removed property 0xc0000002 to merge kernel/start.o (not found) and lib/ls.o (0x3)
Removed property 0xc0000002 to merge kernel/start.o (not found) and lib/sl.o (0x3)
Removed property 0xc0000002 to merge kernel/start.o (not found) and lib/misc.o (0x3)
Removed property 0xc0000002 to merge kernel/start.o (not found) and lib/mkdir.o (0x3)
Removed property 0xc0000002 to merge kernel/start.o (not found) and lib/open.o (0x3)
Removed property 0xc0000002 to merge kernel/start.o (not found) and lib/read.o (0x3)
Removed property 0xc0000002 to merge kernel/start.o (not found) and lib/write.o (0x3)
Removed property 0xc0000002 to merge kernel/start.o (not found) and lib/close.o (0x3)
Removed property 0xc0000002 to merge kernel/start.o (not found) and lib/unlink.o (0x3)
Removed property 0xc0000002 to merge kernel/start.o (not found) and lib/getpid.o (0x3)
Removed property 0xc0000002 to merge kernel/start.o (not found) and lib/syslog.o (0x3)
Removed property 0xc0000002 to merge kernel/start.o (not found) and lib/fork.o (0x3)
Removed property 0xc0000002 to merge kernel/start.o (not found) and fs/main.o (0x3)
Removed property 0xc0000002 to merge kernel/start.o (not found) and fs/open.o (0x3)
Removed property 0xc0000002 to merge kernel/start.o (not found) and fs/misc.o (0x3)
Removed property 0xc0000002 to merge kernel/start.o (not found) and fs/read_write.o (0x3)
Removed property 0xc0000002 to merge kernel/start.o (not found) and fs/link.o (0x3)
Removed property 0xc0000002 to merge kernel/start.o (not found) and fs/disklog.o (0x3)

Allocating common symbols
Common symbol       size              file

idt_ptr             0x6               kernel/global.o
Map                 0x20d             kernel/main.o
inode_table         0x2000            kernel/global.o
task_stack          0x38000           kernel/global.o
k_reenter           0x4               kernel/global.o
gdt                 0x400             kernel/global.o
current_console     0x4               kernel/global.o
pcaller             0x4               kernel/global.o
tty_table           0xc6c             kernel/global.o
tss                 0x68              kernel/global.o
fs_msg              0x30              kernel/global.o
f_desc_table        0x400             kernel/global.o
root_inode          0x4               kernel/global.o
disp_pos            0x4               kernel/global.o
key_pressed         0x4               kernel/global.o
gdt_ptr             0x6               kernel/global.o
idt                 0x800             kernel/global.o
super_block         0x1e0             kernel/global.o
PARTITION_ENTRY     0x10              kernel/hd.o
ticks               0x4               kernel/global.o
console_table       0x3c              kernel/global.o
irq_table           0x40              kernel/global.o
p_proc_ready        0x4               kernel/global.o
proc_table          0xb60             kernel/global.o
Snake               0x189c            kernel/main.o

Discarded input sections

 .group         0x0000000000000000        0x8 kernel/start.o
 .note.GNU-stack
                0x0000000000000000        0x0 kernel/start.o
 .note.gnu.property
                0x0000000000000000       0x1c kernel/start.o
 .group         0x0000000000000000        0x8 kernel/main.o
 .group         0x0000000000000000        0x8 kernel/main.o
 .group         0x0000000000000000        0x8 kernel/main.o
 .text.__x86.get_pc_thunk.bx
                0x0000000000000000        0x4 kernel/main.o
 .note.GNU-stack
                0x0000000000000000        0x0 kernel/main.o
 .note.gnu.property
                0x0000000000000000       0x1c kernel/main.o
 .group         0x0000000000000000        0x8 kernel/clock.o
 .text.__x86.get_pc_thunk.bx
                0x0000000000000000        0x4 kernel/clock.o
 .note.GNU-stack
                0x0000000000000000        0x0 kernel/clock.o
 .note.gnu.property
                0x0000000000000000       0x1c kernel/clock.o
 .group         0x0000000000000000        0x8 kernel/keyboard.o
 .text.__x86.get_pc_thunk.bx
                0x0000000000000000        0x4 kernel/keyboard.o
 .note.GNU-stack
                0x0000000000000000        0x0 kernel/keyboard.o
 .note.gnu.property
                0x0000000000000000       0x1c kernel/keyboard.o
 .group         0x0000000000000000        0x8 kernel/tty.o
 .group         0x0000000000000000        0x8 kernel/tty.o
 .text.__x86.get_pc_thunk.ax
                0x0000000000000000        0x4 kernel/tty.o
 .text.__x86.get_pc_thunk.bx
                0x0000000000000000        0x4 kernel/tty.o
 .note.GNU-stack
                0x0000000000000000        0x0 kernel/tty.o
 .note.gnu.property
                0x0000000000000000       0x1c kernel/tty.o
 .group         0x0000000000000000        0x8 kernel/console.o
 .group         0x0000000000000000        0x8 kernel/console.o
 .group         0x0000000000000000        0x8 kernel/console.o
 .group         0x0000000000000000        0x8 kernel/console.o
 .text.__x86.get_pc_thunk.ax
                0x0000000000000000        0x4 kernel/console.o
 .text.__x86.get_pc_thunk.dx
                0x0000000000000000        0x4 kernel/console.o
 .text.__x86.get_pc_thunk.bx
                0x0000000000000000        0x4 kernel/console.o
 .note.GNU-stack
                0x0000000000000000        0x0 kernel/console.o
 .note.gnu.property
                0x0000000000000000       0x1c kernel/console.o
 .group         0x0000000000000000        0x8 kernel/i8259.o
 .text.__x86.get_pc_thunk.bx
                0x0000000000000000        0x4 kernel/i8259.o
 .note.GNU-stack
                0x0000000000000000        0x0 kernel/i8259.o
 .note.gnu.property
                0x0000000000000000       0x1c kernel/i8259.o
 .note.GNU-stack
                0x0000000000000000        0x0 kernel/global.o
 .note.gnu.property
                0x0000000000000000       0x1c kernel/global.o
 .group         0x0000000000000000        0x8 kernel/protect.o
 .group         0x0000000000000000        0x8 kernel/protect.o
 .text.__x86.get_pc_thunk.ax
                0x0000000000000000        0x4 kernel/protect.o
 .text.__x86.get_pc_thunk.bx
                0x0000000000000000        0x4 kernel/protect.o
 .note.GNU-stack
                0x0000000000000000        0x0 kernel/protect.o
 .note.gnu.property
                0x0000000000000000       0x1c kernel/protect.o
 .group         0x0000000000000000        0x8 kernel/proc.o
 .group         0x0000000000000000        0x8 kernel/proc.o
 .group         0x0000000000000000        0x8 kernel/proc.o
 .text.__x86.get_pc_thunk.ax
                0x0000000000000000        0x4 kernel/proc.o
 .text.__x86.get_pc_thunk.dx
                0x0000000000000000        0x4 kernel/proc.o
 .text.__x86.get_pc_thunk.bx
                0x0000000000000000        0x4 kernel/proc.o
 .note.GNU-stack
                0x0000000000000000        0x0 kernel/proc.o
 .note.gnu.property
                0x0000000000000000       0x1c kernel/proc.o
 .group         0x0000000000000000        0x8 kernel/systask.o
 .text.__x86.get_pc_thunk.bx
                0x0000000000000000        0x4 kernel/systask.o
 .note.GNU-stack
                0x0000000000000000        0x0 kernel/systask.o
 .note.gnu.property
                0x0000000000000000       0x1c kernel/systask.o
 .group         0x0000000000000000        0x8 kernel/hd.o
 .group         0x0000000000000000        0x8 kernel/hd.o
 .text.__x86.get_pc_thunk.ax
                0x0000000000000000        0x4 kernel/hd.o
 .text.__x86.get_pc_thunk.bx
                0x0000000000000000        0x4 kernel/hd.o
 .note.GNU-stack
                0x0000000000000000        0x0 kernel/hd.o
 .note.gnu.property
                0x0000000000000000       0x1c kernel/hd.o
 .group         0x0000000000000000        0x8 lib/printf.o
 .text.__x86.get_pc_thunk.bx
                0x0000000000000000        0x4 lib/printf.o
 .note.GNU-stack
                0x0000000000000000        0x0 lib/printf.o
 .note.gnu.property
                0x0000000000000000       0x1c lib/printf.o
 .group         0x0000000000000000        0x8 lib/vsprintf.o
 .group         0x0000000000000000        0x8 lib/vsprintf.o
 .text.__x86.get_pc_thunk.ax
                0x0000000000000000        0x4 lib/vsprintf.o
 .text.__x86.get_pc_thunk.bx
                0x0000000000000000        0x4 lib/vsprintf.o
 .note.GNU-stack
                0x0000000000000000        0x0 lib/vsprintf.o
 .note.gnu.property
                0x0000000000000000       0x1c lib/vsprintf.o
 .group         0x0000000000000000        0x8 lib/klib.o
 .group         0x0000000000000000        0x8 lib/klib.o
 .text.__x86.get_pc_thunk.ax
                0x0000000000000000        0x4 lib/klib.o
 .text.__x86.get_pc_thunk.bx
                0x0000000000000000        0x4 lib/klib.o
 .note.GNU-stack
                0x0000000000000000        0x0 lib/klib.o
 .note.gnu.property
                0x0000000000000000       0x1c lib/klib.o
 .group         0x0000000000000000        0x8 lib/ls.o
 .text.__x86.get_pc_thunk.bx
                0x0000000000000000        0x4 lib/ls.o
 .note.GNU-stack
                0x0000000000000000        0x0 lib/ls.o
 .note.gnu.property
                0x0000000000000000       0x1c lib/ls.o
 .group         0x0000000000000000        0x8 lib/sl.o
 .text.__x86.get_pc_thunk.bx
                0x0000000000000000        0x4 lib/sl.o
 .note.GNU-stack
                0x0000000000000000        0x0 lib/sl.o
 .note.gnu.property
                0x0000000000000000       0x1c lib/sl.o
 .group         0x0000000000000000        0x8 lib/misc.o
 .group         0x0000000000000000        0x8 lib/misc.o
 .text.__x86.get_pc_thunk.ax
                0x0000000000000000        0x4 lib/misc.o
 .text.__x86.get_pc_thunk.bx
                0x0000000000000000        0x4 lib/misc.o
 .note.GNU-stack
                0x0000000000000000        0x0 lib/misc.o
 .note.gnu.property
                0x0000000000000000       0x1c lib/misc.o
 .group         0x0000000000000000        0x8 lib/mkdir.o
 .text.__x86.get_pc_thunk.bx
                0x0000000000000000        0x4 lib/mkdir.o
 .note.GNU-stack
                0x0000000000000000        0x0 lib/mkdir.o
 .note.gnu.property
                0x0000000000000000       0x1c lib/mkdir.o
 .group         0x0000000000000000        0x8 lib/open.o
 .text.__x86.get_pc_thunk.bx
                0x0000000000000000        0x4 lib/open.o
 .note.GNU-stack
                0x0000000000000000        0x0 lib/open.o
 .note.gnu.property
                0x0000000000000000       0x1c lib/open.o
 .group         0x0000000000000000        0x8 lib/read.o
 .text.__x86.get_pc_thunk.ax
                0x0000000000000000        0x4 lib/read.o
 .note.GNU-stack
                0x0000000000000000        0x0 lib/read.o
 .note.gnu.property
                0x0000000000000000       0x1c lib/read.o
 .group         0x0000000000000000        0x8 lib/write.o
 .text.__x86.get_pc_thunk.ax
                0x0000000000000000        0x4 lib/write.o
 .note.GNU-stack
                0x0000000000000000        0x0 lib/write.o
 .note.gnu.property
                0x0000000000000000       0x1c lib/write.o
 .group         0x0000000000000000        0x8 lib/close.o
 .text.__x86.get_pc_thunk.ax
                0x0000000000000000        0x4 lib/close.o
 .note.GNU-stack
                0x0000000000000000        0x0 lib/close.o
 .note.gnu.property
                0x0000000000000000       0x1c lib/close.o
 .group         0x0000000000000000        0x8 lib/unlink.o
 .text.__x86.get_pc_thunk.bx
                0x0000000000000000        0x4 lib/unlink.o
 .note.GNU-stack
                0x0000000000000000        0x0 lib/unlink.o
 .note.gnu.property
                0x0000000000000000       0x1c lib/unlink.o
 .group         0x0000000000000000        0x8 lib/getpid.o
 .text.__x86.get_pc_thunk.bx
                0x0000000000000000        0x4 lib/getpid.o
 .note.GNU-stack
                0x0000000000000000        0x0 lib/getpid.o
 .note.gnu.property
                0x0000000000000000       0x1c lib/getpid.o
 .group         0x0000000000000000        0x8 lib/syslog.o
 .text.__x86.get_pc_thunk.bx
                0x0000000000000000        0x4 lib/syslog.o
 .note.GNU-stack
                0x0000000000000000        0x0 lib/syslog.o
 .note.gnu.property
                0x0000000000000000       0x1c lib/syslog.o
 .group         0x0000000000000000        0x8 lib/fork.o
 .text.__x86.get_pc_thunk.bx
                0x0000000000000000        0x4 lib/fork.o
 .note.GNU-stack
                0x0000000000000000        0x0 lib/fork.o
 .note.gnu.property
                0x0000000000000000       0x1c lib/fork.o
 .group         0x0000000000000000        0x8 fs/main.o
 .group         0x0000000000000000        0x8 fs/main.o
 .text.__x86.get_pc_thunk.ax
                0x0000000000000000        0x4 fs/main.o
 .text.__x86.get_pc_thunk.bx
                0x0000000000000000        0x4 fs/main.o
 .note.GNU-stack
                0x0000000000000000        0x0 fs/main.o
 .note.gnu.property
                0x0000000000000000       0x1c fs/main.o
 .group         0x0000000000000000        0x8 fs/open.o
 .group         0x0000000000000000        0x8 fs/open.o
 .text.__x86.get_pc_thunk.ax
                0x0000000000000000        0x4 fs/open.o
 .text.__x86.get_pc_thunk.bx
                0x0000000000000000        0x4 fs/open.o
 .note.GNU-stack
                0x0000000000000000        0x0 fs/open.o
 .note.gnu.property
                0x0000000000000000       0x1c fs/open.o
 .group         0x0000000000000000        0x8 fs/misc.o
 .text.__x86.get_pc_thunk.bx
                0x0000000000000000        0x4 fs/misc.o
 .note.GNU-stack
                0x0000000000000000        0x0 fs/misc.o
 .note.gnu.property
                0x0000000000000000       0x1c fs/misc.o
 .group         0x0000000000000000        0x8 fs/read_write.o
 .text.__x86.get_pc_thunk.bx
                0x0000000000000000        0x4 fs/read_write.o
 .note.GNU-stack
                0x0000000000000000        0x0 fs/read_write.o
 .note.gnu.property
                0x0000000000000000       0x1c fs/read_write.o
 .group         0x0000000000000000        0x8 fs/link.o
 .text.__x86.get_pc_thunk.bx
                0x0000000000000000        0x4 fs/link.o
 .note.GNU-stack
                0x0000000000000000        0x0 fs/link.o
 .note.gnu.property
                0x0000000000000000       0x1c fs/link.o
 .group         0x0000000000000000        0x8 fs/disklog.o
 .text.__x86.get_pc_thunk.bx
                0x0000000000000000        0x4 fs/disklog.o
 .note.GNU-stack
                0x0000000000000000        0x0 fs/disklog.o
 .note.gnu.property
                0x0000000000000000       0x1c fs/disklog.o

Memory Configuration

Name             Origin             Length             Attributes
*default*        0x0000000000000000 0xffffffffffffffff

Linker script and memory map

Address of section .text set to 0x1000
LOAD kernel/kernel.o
LOAD lib/syscall.o
LOAD kernel/start.o
LOAD kernel/main.o
LOAD kernel/clock.o
LOAD kernel/keyboard.o
LOAD kernel/tty.o
LOAD kernel/console.o
LOAD kernel/i8259.o
LOAD kernel/global.o
LOAD kernel/protect.o
LOAD kernel/proc.o
LOAD kernel/systask.o
LOAD kernel/hd.o
LOAD lib/printf.o
LOAD lib/vsprintf.o
LOAD lib/kliba.o
LOAD lib/klib.o
LOAD lib/string.o
LOAD lib/ls.o
LOAD lib/sl.o
LOAD lib/misc.o
LOAD lib/mkdir.o
LOAD lib/open.o
LOAD lib/read.o
LOAD lib/write.o
LOAD lib/close.o
LOAD lib/unlink.o
LOAD lib/getpid.o
LOAD lib/syslog.o
LOAD lib/fork.o
LOAD fs/main.o
LOAD fs/open.o
LOAD fs/misc.o
LOAD fs/read_write.o
LOAD fs/link.o
LOAD fs/disklog.o
                [!provide]                        PROVIDE (__executable_start = SEGMENT_START ("text-segment", 0x8048000))
                0x00000000080480d4                . = (SEGMENT_START ("text-segment", 0x8048000) + SIZEOF_HEADERS)

.interp
 *(.interp)

.note.gnu.build-id
 *(.note.gnu.build-id)

.hash
 *(.hash)

.gnu.hash
 *(.gnu.hash)

.dynsym
 *(.dynsym)

.dynstr
 *(.dynstr)

.gnu.version
 *(.gnu.version)

.gnu.version_d
 *(.gnu.version_d)

.gnu.version_r
 *(.gnu.version_r)

.rel.dyn        0x00000000080480d4        0x0
 *(.rel.init)
 *(.rel.text .rel.text.* .rel.gnu.linkonce.t.*)
 .rel.text      0x00000000080480d4        0x0 kernel/kernel.o
 *(.rel.fini)
 *(.rel.rodata .rel.rodata.* .rel.gnu.linkonce.r.*)
 *(.rel.data.rel.ro .rel.data.rel.ro.* .rel.gnu.linkonce.d.rel.ro.*)
 *(.rel.data .rel.data.* .rel.gnu.linkonce.d.*)
 *(.rel.tdata .rel.tdata.* .rel.gnu.linkonce.td.*)
 *(.rel.tbss .rel.tbss.* .rel.gnu.linkonce.tb.*)
 *(.rel.ctors)
 *(.rel.dtors)
 *(.rel.got)
 .rel.got       0x00000000080480d4        0x0 kernel/kernel.o
 *(.rel.bss .rel.bss.* .rel.gnu.linkonce.b.*)
 *(.rel.ifunc)

.rel.plt        0x00000000080480d4        0x0
 *(.rel.plt)
                [!provide]                        PROVIDE (__rel_iplt_start = .)
 *(.rel.iplt)
 .rel.iplt      0x00000000080480d4        0x0 kernel/kernel.o
                [!provide]                        PROVIDE (__rel_iplt_end = .)
                0x0000000008049000                . = ALIGN (CONSTANT (MAXPAGESIZE))

.init
 *(SORT_NONE(.init))

.plt            0x0000000008049000        0x0
 *(.plt)
 *(.iplt)
 .iplt          0x0000000008049000        0x0 kernel/kernel.o

.plt.got
 *(.plt.got)

.plt.sec
 *(.plt.sec)

.text           0x0000000000001000     0xe8bc
 *(.text.unlikely .text.*_unlikely .text.unlikely.*)
 *(.text.exit .text.exit.*)
 *(.text.startup .text.startup.*)
 *(.text.hot .text.hot.*)
 *(SORT_BY_NAME(.text.sorted.*))
 *(.text .stub .text.* .gnu.linkonce.t.*)
 .text          0x0000000000001000      0x410 kernel/kernel.o
                0x0000000000001000                _start
                0x0000000000001040                hwint00
                0x0000000000001070                hwint01
                0x00000000000010a0                hwint02
                0x00000000000010d0                hwint03
                0x0000000000001100                hwint04
                0x0000000000001130                hwint05
                0x0000000000001160                hwint06
                0x0000000000001190                hwint07
                0x00000000000011c0                hwint08
                0x00000000000011f0                hwint09
                0x0000000000001220                hwint10
                0x0000000000001250                hwint11
                0x0000000000001280                hwint12
                0x00000000000012b0                hwint13
                0x00000000000012e0                hwint14
                0x0000000000001310                hwint15
                0x0000000000001334                divide_error
                0x000000000000133a                single_step_exception
                0x0000000000001340                nmi
                0x0000000000001346                breakpoint_exception
                0x000000000000134c                overflow
                0x0000000000001352                bounds_check
                0x0000000000001358                inval_opcode
                0x000000000000135e                copr_not_available
                0x0000000000001364                double_fault
                0x0000000000001368                copr_seg_overrun
                0x000000000000136e                inval_tss
                0x0000000000001372                segment_not_present
                0x0000000000001376                stack_exception
                0x000000000000137a                general_protection
                0x000000000000137e                page_fault
                0x0000000000001382                copr_error
                0x00000000000013cb                sys_call
                0x00000000000013eb                restart
 .text          0x0000000000001410       0x28 lib/syscall.o
                0x0000000000001410                sendrec
                0x000000000000142a                printx
 .text          0x0000000000001438       0xc7 kernel/start.o
                0x0000000000001438                cstart
 .text.__x86.get_pc_thunk.bx
                0x00000000000014ff        0x4 kernel/start.o
                0x00000000000014ff                __x86.get_pc_thunk.bx
 .text          0x0000000000001503     0x35e0 kernel/main.o
                0x0000000000001503                srand
                0x0000000000001520                rand
                0x00000000000015d1                show_mat
                0x00000000000017b8                init_game
                0x00000000000018e9                check
                0x000000000000199a                dfs
                0x0000000000001ace                game
                0x0000000000001e14                judgeInpt
                0x0000000000001e77                changeToLeft
                0x0000000000001ead                changeToDown
                0x0000000000001ee3                changeToRight
                0x0000000000001f19                changeToUp
                0x0000000000001f4f                snakeGame
                0x0000000000001f75                initGame
                0x0000000000002091                initFood
                0x000000000000212a                show
                0x00000000000022aa                move
                0x0000000000002519                checkBorder
                0x000000000000258d                checkHead
                0x0000000000002722                showGameOver
                0x0000000000002774                showGameSuccess
                0x00000000000027c6                init_palette
                0x0000000000002924                set_palette
                0x00000000000029e3                kernel_main
                0x0000000000002cf7                get_ticks
                0x0000000000002d3e                addTwoString
                0x0000000000002de3                shell
                0x0000000000003c4e                TestA
                0x0000000000003c9e                TestB
                0x0000000000003cee                TestC
                0x0000000000003d2d                panic
                0x0000000000003d8b                findpass
                0x0000000000003e0b                clearArr
                0x0000000000003e43                clear
                0x0000000000003f05                menu
                0x0000000000004053                ProcessManage
                0x0000000000004199                CreateFile
                0x0000000000004244                DeleteFile
                0x00000000000042bf                ReadFile
                0x000000000000439c                WriteFile
                0x00000000000044b3                CreateDir
                0x000000000000452c                GoDir
                0x0000000000004789                saveimage
                0x00000000000048c8                showimage
                0x00000000000049d5                animation
 .text.__x86.get_pc_thunk.ax
                0x0000000000004ae3        0x4 kernel/main.o
                0x0000000000004ae3                __x86.get_pc_thunk.ax
 .text.__x86.get_pc_thunk.dx
                0x0000000000004ae7        0x4 kernel/main.o
                0x0000000000004ae7                __x86.get_pc_thunk.dx
 .text          0x0000000000004aeb      0x165 kernel/clock.o
                0x0000000000004aeb                clock_handler
                0x0000000000004ba4                milli_delay
                0x0000000000004be3                init_clock
 .text          0x0000000000004c50      0x7ca kernel/keyboard.o
                0x0000000000004c50                keyboard_handler
                0x0000000000004cd9                init_keyboard
                0x0000000000004da7                keyboard_read
 .text          0x000000000000541a      0xafc kernel/tty.o
                0x000000000000541a                task_tty
                0x0000000000005610                in_process
                0x0000000000005bb2                sys_printx
                0x0000000000005d80                dump_tty_buf
 .text          0x0000000000005f16      0x8b4 kernel/console.o
                0x0000000000005f16                init_screen
                0x00000000000060ab                out_char
                0x000000000000636d                clear_screen
                0x00000000000063b6                is_current_console
                0x00000000000063ed                set_cursor
                0x0000000000006468                set_video_start_addr
                0x00000000000064e3                select_console
                0x000000000000653a                scroll_screen
                0x0000000000006739                flush
 .text.__x86.get_pc_thunk.cx
                0x00000000000067ca        0x4 kernel/console.o
                0x00000000000067ca                __x86.get_pc_thunk.cx
 .text          0x00000000000067ce      0x174 kernel/i8259.o
                0x00000000000067ce                init_8259A
                0x00000000000068bb                spurious_irq
                0x0000000000006909                put_irq_handler
 .text          0x0000000000006942        0x0 kernel/global.o
 .text          0x0000000000006942      0x6d7 kernel/protect.o
                0x0000000000006942                init_prot
                0x0000000000006de3                seg2phys
                0x0000000000006ebe                exception_handler
 .text          0x0000000000007019     0x1a2b kernel/proc.o
                0x0000000000007019                schedule
                0x00000000000070d8                sys_sendrec
                0x0000000000007225                ldt_seg_linear
                0x000000000000727d                va2la
                0x00000000000072fa                reset_msg
                0x0000000000008396                inform_int
                0x0000000000008562                dump_proc
                0x000000000000890f                dump_msg
 .text          0x0000000000008a44       0x9a kernel/systask.o
                0x0000000000008a44                task_sys
 .text          0x0000000000008ade      0xef3 kernel/hd.o
                0x0000000000008ade                task_hd
                0x0000000000009992                hd_handler
 .text          0x00000000000099d1       0xd9 lib/printf.o
                0x00000000000099d1                printf
                0x0000000000009a55                printl
 .text          0x0000000000009aaa      0x340 lib/vsprintf.o
                0x0000000000009b1e                vsprintf
                0x0000000000009db6                sprintf
 *fill*         0x0000000000009dea        0x6 
 .text          0x0000000000009df0      0x1b7 lib/kliba.o
                0x0000000000009df0                io_out8
                0x0000000000009dfa                io_load_eflags
                0x0000000000009dfd                io_store_eflags
                0x0000000000009e04                io_cli
                0x0000000000009e06                mydraw
                0x0000000000009e0d                disp_str
                0x0000000000009e4b                disp_color_str
                0x0000000000009e8a                out_byte
                0x0000000000009e96                in_byte
                0x0000000000009ea0                port_read
                0x0000000000009eb3                port_write
                0x0000000000009ec6                disable_irq
                0x0000000000009efb                enable_irq
                0x0000000000009f1a                disable_int
                0x0000000000009f1c                enable_int
                0x0000000000009f1e                glitter
 .text          0x0000000000009fa7      0x211 lib/klib.o
                0x0000000000009fa7                itoa
                0x000000000000a060                atoi
                0x000000000000a128                disp_int
                0x000000000000a162                delay
 *fill*         0x000000000000a1b8        0x8 
 .text          0x000000000000a1c0       0x78 lib/string.o
                0x000000000000a1c0                memcpy
                0x000000000000a1e9                memset
                0x000000000000a20a                strcpy
                0x000000000000a222                strlen
 .text          0x000000000000a238       0x56 lib/ls.o
                0x000000000000a238                ls
 .text          0x000000000000a28e      0x2cd lib/sl.o
                0x000000000000a28e                sl
 .text          0x000000000000a55b      0x35c lib/misc.o
                0x000000000000a55b                memcmp
                0x000000000000a5db                strcmp
                0x000000000000a658                strcat
                0x000000000000a6c5                strstr
                0x000000000000a761                spin
                0x000000000000a78f                assertion_failure
                0x000000000000a7df                send_recv
 .text          0x000000000000a8b7       0x7d lib/mkdir.o
                0x000000000000a8b7                mkdir
 .text          0x000000000000a934       0x7c lib/open.o
                0x000000000000a934                open
 .text          0x000000000000a9b0       0x4b lib/read.o
                0x000000000000a9b0                read
 .text          0x000000000000a9fb       0x4b lib/write.o
                0x000000000000a9fb                write
 .text          0x000000000000aa46       0x3f lib/close.o
                0x000000000000aa46                close
 .text          0x000000000000aa85       0x4f lib/unlink.o
                0x000000000000aa85                unlink
 .text          0x000000000000aad4       0x5f lib/getpid.o
                0x000000000000aad4                getpid
 .text          0x000000000000ab33       0xec lib/syslog.o
                0x000000000000ab33                syslog
 .text          0x000000000000ac1f       0x85 lib/fork.o
                0x000000000000ac1f                fork
 .text          0x000000000000aca4      0xfa7 fs/main.o
                0x000000000000aca4                task_fs
                0x000000000000b693                rw_sector
                0x000000000000b8f0                get_super_block
                0x000000000000b956                get_inode
                0x000000000000badc                put_inode
                0x000000000000bb34                sync_inode
 .text          0x000000000000bc4b      0xf10 fs/open.o
                0x000000000000bc4b                do_open
                0x000000000000c127                do_close
                0x000000000000c1a0                do_lseek
                0x000000000000c7e9                do_ls
                0x000000000000ca37                do_mkdir
 .text          0x000000000000cb5b      0x92a fs/misc.o
                0x000000000000cb5b                find_entry
                0x000000000000cccc                search_file
                0x000000000000ce42                strip_path
                0x000000000000d046                isNull
                0x000000000000d18f                find_all_path
 .text          0x000000000000d485      0x549 fs/read_write.o
                0x000000000000d485                do_rdwt
 .text          0x000000000000d9ce      0x8c4 fs/link.o
                0x000000000000d9ce                do_unlink
 .text          0x000000000000e292     0x162a fs/disklog.o
                0x000000000000e292                do_disklog
                0x000000000000e350                disklog
                0x000000000000e88f                dump_fd_graph
 *(.gnu.warning)

.fini
 *(SORT_NONE(.fini))
                [!provide]                        PROVIDE (__etext = .)
                [!provide]                        PROVIDE (_etext = .)
                [!provide]                        PROVIDE (etext = .)
                0x0000000000010000                . = ALIGN (CONSTANT (MAXPAGESIZE))
                0x0000000000010000                . = SEGMENT_START ("rodata-segment", (ALIGN (CONSTANT (MAXPAGESIZE)) + (. & (CONSTANT (MAXPAGESIZE) - 0x1))))

.rodata         0x0000000000010000     0x4337
 *(.rodata .rodata.* .gnu.linkonce.r.*)
 .rodata        0x0000000000010000       0x47 kernel/start.o
 *fill*         0x0000000000010047        0x1 
 .rodata        0x0000000000010048      0xdc1 kernel/main.o
                0x0000000000010108                mapH
                0x000000000001010c                mapW
 *fill*         0x0000000000010e09        0x3 
 .rodata        0x0000000000010e0c       0x64 kernel/keyboard.o
 .rodata        0x0000000000010e70      0x13c kernel/tty.o
 .rodata        0x0000000000010fac       0x5b kernel/console.o
 .rodata        0x0000000000011007       0x11 kernel/i8259.o
 .rodata        0x0000000000011018        0x4 kernel/global.o
                0x0000000000011018                FSBUF_SIZE
 *fill*         0x000000000001101c        0x4 
 .rodata        0x0000000000011020      0x540 kernel/protect.o
 .rodata        0x0000000000011560      0x5ea kernel/proc.o
 .rodata        0x0000000000011b4a       0x11 kernel/systask.o
 *fill*         0x0000000000011b5b        0x1 
 .rodata        0x0000000000011b5c      0x12c kernel/hd.o
 .rodata        0x0000000000011c88       0x14 lib/printf.o
 *fill*         0x0000000000011c9c        0x4 
 .rodata        0x0000000000011ca0     0x1790 lib/sl.o
 .rodata        0x0000000000013430       0xae lib/misc.o
 .rodata        0x00000000000134de       0x24 lib/mkdir.o
 .rodata        0x0000000000013502       0x23 lib/open.o
 .rodata        0x0000000000013525       0x25 lib/getpid.o
 .rodata        0x000000000001354a       0x32 lib/syslog.o
 .rodata        0x000000000001357c       0x33 lib/fork.o
 *fill*         0x00000000000135af        0x1 
 .rodata        0x00000000000135b0      0x26e fs/main.o
 *fill*         0x000000000001381e        0x2 
 .rodata        0x0000000000013820      0x1cf fs/open.o
 .rodata        0x00000000000139ef       0x20 fs/misc.o
 *fill*         0x0000000000013a0f        0x1 
 .rodata        0x0000000000013a10      0x164 fs/read_write.o
 .rodata        0x0000000000013b74      0x199 fs/link.o
 *fill*         0x0000000000013d0d        0x3 
 .rodata        0x0000000000013d10      0x627 fs/disklog.o

.rodata1
 *(.rodata1)

.eh_frame_hdr
 *(.eh_frame_hdr)
 *(.eh_frame_entry .eh_frame_entry.*)

.eh_frame       0x0000000000014338     0x189c
 *(.eh_frame)
 .eh_frame      0x0000000000014338       0x50 kernel/start.o
 .eh_frame      0x0000000000014388      0x67c kernel/main.o
                                        0x6a8 (size before relaxing)
 .eh_frame      0x0000000000014a04       0x6c kernel/clock.o
                                         0x98 (size before relaxing)
 .eh_frame      0x0000000000014a70       0xfc kernel/keyboard.o
                                        0x128 (size before relaxing)
 .eh_frame      0x0000000000014b6c      0x15c kernel/tty.o
                                        0x19c (size before relaxing)
 .eh_frame      0x0000000000014cc8      0x16c kernel/console.o
                                        0x1c0 (size before relaxing)
 .eh_frame      0x0000000000014e34       0x6c kernel/i8259.o
                                         0x98 (size before relaxing)
 .eh_frame      0x0000000000014ea0       0xb8 kernel/protect.o
                                         0xf8 (size before relaxing)
 .eh_frame      0x0000000000014f58      0x1e8 kernel/proc.o
                                        0x23c (size before relaxing)
 .eh_frame      0x0000000000015140       0x1c kernel/systask.o
                                         0x48 (size before relaxing)
 .eh_frame      0x000000000001515c      0x220 kernel/hd.o
                                        0x260 (size before relaxing)
 .eh_frame      0x000000000001537c       0x48 lib/printf.o
                                         0x74 (size before relaxing)
 .eh_frame      0x00000000000153c4       0x68 lib/vsprintf.o
                                         0xa8 (size before relaxing)
 .eh_frame      0x000000000001542c       0x84 lib/klib.o
                                         0xc4 (size before relaxing)
 .eh_frame      0x00000000000154b0       0x24 lib/ls.o
                                         0x50 (size before relaxing)
 .eh_frame      0x00000000000154d4       0x30 lib/sl.o
                                         0x5c (size before relaxing)
 .eh_frame      0x0000000000015504       0xe8 lib/misc.o
                                        0x128 (size before relaxing)
 .eh_frame      0x00000000000155ec       0x24 lib/mkdir.o
                                         0x50 (size before relaxing)
 .eh_frame      0x0000000000015610       0x24 lib/open.o
                                         0x50 (size before relaxing)
 .eh_frame      0x0000000000015634       0x24 lib/read.o
                                         0x50 (size before relaxing)
 .eh_frame      0x0000000000015658       0x24 lib/write.o
                                         0x50 (size before relaxing)
 .eh_frame      0x000000000001567c       0x24 lib/close.o
                                         0x50 (size before relaxing)
 .eh_frame      0x00000000000156a0       0x24 lib/unlink.o
                                         0x50 (size before relaxing)
 .eh_frame      0x00000000000156c4       0x24 lib/getpid.o
                                         0x50 (size before relaxing)
 .eh_frame      0x00000000000156e8       0x24 lib/syslog.o
                                         0x50 (size before relaxing)
 .eh_frame      0x000000000001570c       0x24 lib/fork.o
                                         0x50 (size before relaxing)
 .eh_frame      0x0000000000015730      0x150 fs/main.o
                                        0x190 (size before relaxing)
 .eh_frame      0x0000000000015880      0x194 fs/open.o
                                        0x1d4 (size before relaxing)
 .eh_frame      0x0000000000015a14       0xdc fs/misc.o
                                        0x108 (size before relaxing)
 .eh_frame      0x0000000000015af0       0x30 fs/read_write.o
                                         0x5c (size before relaxing)
 .eh_frame      0x0000000000015b20       0x30 fs/link.o
                                         0x5c (size before relaxing)
 .eh_frame      0x0000000000015b50       0x84 fs/disklog.o
                                         0xb0 (size before relaxing)
 *(.eh_frame.*)

.gcc_except_table
 *(.gcc_except_table .gcc_except_table.*)

.gnu_extab
 *(.gnu_extab*)

.exception_ranges
 *(.exception_ranges*)
                0x0000000000017000                . = DATA_SEGMENT_ALIGN (CONSTANT (MAXPAGESIZE), CONSTANT (COMMONPAGESIZE))

.eh_frame
 *(.eh_frame)
 *(.eh_frame.*)

.gnu_extab
 *(.gnu_extab)

.gcc_except_table
 *(.gcc_except_table .gcc_except_table.*)

.exception_ranges
 *(.exception_ranges*)

.tdata          0x0000000000017000        0x0
                [!provide]                        PROVIDE (__tdata_start = .)
 *(.tdata .tdata.* .gnu.linkonce.td.*)

.tbss
 *(.tbss .tbss.* .gnu.linkonce.tb.*)
 *(.tcommon)

.preinit_array  0x0000000000017000        0x0
                [!provide]                        PROVIDE (__preinit_array_start = .)
 *(.preinit_array)
                [!provide]                        PROVIDE (__preinit_array_end = .)

.init_array     0x0000000000017000        0x0
                [!provide]                        PROVIDE (__init_array_start = .)
 *(SORT_BY_INIT_PRIORITY(.init_array.*) SORT_BY_INIT_PRIORITY(.ctors.*))
 *(.init_array EXCLUDE_FILE(*crtend?.o *crtend.o *crtbegin?.o *crtbegin.o) .ctors)
                [!provide]                        PROVIDE (__init_array_end = .)

.fini_array     0x0000000000017000        0x0
                [!provide]                        PROVIDE (__fini_array_start = .)
 *(SORT_BY_INIT_PRIORITY(.fini_array.*) SORT_BY_INIT_PRIORITY(.dtors.*))
 *(.fini_array EXCLUDE_FILE(*crtend?.o *crtend.o *crtbegin?.o *crtbegin.o) .dtors)
                [!provide]                        PROVIDE (__fini_array_end = .)

.ctors
 *crtbegin.o(.ctors)
 *crtbegin?.o(.ctors)
 *(EXCLUDE_FILE(*crtend?.o *crtend.o) .ctors)
 *(SORT_BY_NAME(.ctors.*))
 *(.ctors)

.dtors
 *crtbegin.o(.dtors)
 *crtbegin?.o(.dtors)
 *(EXCLUDE_FILE(*crtend?.o *crtend.o) .dtors)
 *(SORT_BY_NAME(.dtors.*))
 *(.dtors)

.jcr
 *(.jcr)

.data.rel.ro
 *(.data.rel.ro.local* .gnu.linkonce.d.rel.ro.local.*)
 *(.data.rel.ro .data.rel.ro.* .gnu.linkonce.d.rel.ro.*)

.dynamic
 *(.dynamic)

.got            0x0000000000017000        0x0
 *(.got)
 .got           0x0000000000017000        0x0 kernel/kernel.o
 *(.igot)
                0x0000000000017ff4                . = DATA_SEGMENT_RELRO_END (., (SIZEOF (.got.plt) >= 0xc)?0xc:0x0)

.got.plt        0x0000000000017000        0xc
 *(.got.plt)
 .got.plt       0x0000000000017000        0xc kernel/kernel.o
                0x0000000000017000                _GLOBAL_OFFSET_TABLE_
 *(.igot.plt)
 .igot.plt      0x000000000001700c        0x0 kernel/kernel.o

.data           0x0000000000017020     0x1284
 *(.data .data.* .gnu.linkonce.d.*)
 .data          0x0000000000017020        0x2 kernel/kernel.o
 .data          0x0000000000017022        0x0 kernel/start.o
 *fill*         0x0000000000017022       0x1e 
 .data          0x0000000000017040      0xaf0 kernel/main.o
                0x0000000000017040                _seed2
                0x0000000000017044                sHead
                0x0000000000017045                sBody
                0x0000000000017046                sFood
                0x0000000000017047                sNode
                0x0000000000017060                food
                0x00000000000170d8                eat
                0x00000000000170dc                win
                0x00000000000170e0                sLength
                0x00000000000170e4                dx
                0x00000000000170f4                dy
                0x0000000000017104                www
                0x0000000000017108                hhh
                0x0000000000017120                bmp
                0x0000000000017900                users
                0x0000000000017a00                passwords
 .data.rel.local
                0x0000000000017b30        0x4 kernel/main.o
                0x0000000000017b30                namess
 .data          0x0000000000017b34        0x0 kernel/clock.o
 *fill*         0x0000000000017b34        0xc 
 .data          0x0000000000017b40      0x600 kernel/keyboard.o
                0x0000000000017b40                keymap
 .data          0x0000000000018140       0x22 kernel/tty.o
 .data          0x0000000000018162        0x0 kernel/console.o
 .data          0x0000000000018162        0x0 kernel/i8259.o
 *fill*         0x0000000000018162        0x2 
 .data          0x0000000000018164       0x1c kernel/global.o
                0x0000000000018164                dd_map
                0x000000000001817c                fsbuf
 .data.rel      0x0000000000018180      0x124 kernel/global.o
                0x0000000000018180                task_table
                0x0000000000018220                user_proc_table
                0x0000000000018298                sys_call_table
 .data          0x00000000000182a4        0x0 kernel/protect.o
 .data          0x00000000000182a4        0x0 kernel/proc.o
 .data          0x00000000000182a4        0x0 kernel/systask.o
 .data          0x00000000000182a4        0x0 kernel/hd.o
 .data          0x00000000000182a4        0x0 lib/printf.o
 .data          0x00000000000182a4        0x0 lib/vsprintf.o
 .data          0x00000000000182a4        0x0 lib/klib.o
 .data          0x00000000000182a4        0x0 lib/ls.o
 .data          0x00000000000182a4        0x0 lib/sl.o
 .data          0x00000000000182a4        0x0 lib/misc.o
 .data          0x00000000000182a4        0x0 lib/mkdir.o
 .data          0x00000000000182a4        0x0 lib/open.o
 .data          0x00000000000182a4        0x0 lib/read.o
 .data          0x00000000000182a4        0x0 lib/write.o
 .data          0x00000000000182a4        0x0 lib/close.o
 .data          0x00000000000182a4        0x0 lib/unlink.o
 .data          0x00000000000182a4        0x0 lib/getpid.o
 .data          0x00000000000182a4        0x0 lib/syslog.o
 .data          0x00000000000182a4        0x0 lib/fork.o
 .data          0x00000000000182a4        0x0 fs/main.o
 .data          0x00000000000182a4        0x0 fs/open.o
 .data          0x00000000000182a4        0x0 fs/misc.o
 .data          0x00000000000182a4        0x0 fs/read_write.o
 .data          0x00000000000182a4        0x0 fs/link.o
 .data          0x00000000000182a4        0x0 fs/disklog.o

.data1
 *(.data1)
                0x00000000000182a4                _edata = .
                [!provide]                        PROVIDE (edata = .)
                0x00000000000182a4                . = .
                0x00000000000182a4                __bss_start = .

.bss            0x00000000000182c0    0x3f790
 *(.dynbss)
 *(.bss .bss.* .gnu.linkonce.b.*)
 .bss           0x00000000000182c0      0x800 kernel/kernel.o
 .bss           0x0000000000018ac0        0x0 kernel/start.o
 .bss           0x0000000000018ac0        0xc kernel/main.o
                0x0000000000018ac0                listenerStart
                0x0000000000018ac4                foodNum
                0x0000000000018ac8                overOrNot
 .bss           0x0000000000018acc        0x0 kernel/clock.o
 *fill*         0x0000000000018acc       0x14 
 .bss           0x0000000000018ae0       0x58 kernel/keyboard.o
 .bss           0x0000000000018b38        0x0 kernel/tty.o
 .bss           0x0000000000018b38        0x0 kernel/console.o
 .bss           0x0000000000018b38        0x0 kernel/i8259.o
 .bss           0x0000000000018b38        0x0 kernel/global.o
 .bss           0x0000000000018b38        0x0 kernel/protect.o
 .bss           0x0000000000018b38        0x0 kernel/proc.o
 .bss           0x0000000000018b38        0x0 kernel/systask.o
 *fill*         0x0000000000018b38        0x8 
 .bss           0x0000000000018b40      0x64c kernel/hd.o
 .bss           0x000000000001918c        0x0 lib/printf.o
 .bss           0x000000000001918c        0x0 lib/vsprintf.o
 .bss           0x000000000001918c        0x0 lib/klib.o
 .bss           0x000000000001918c        0x0 lib/ls.o
 .bss           0x000000000001918c        0x0 lib/sl.o
 .bss           0x000000000001918c        0x0 lib/misc.o
 .bss           0x000000000001918c        0x0 lib/mkdir.o
 .bss           0x000000000001918c        0x0 lib/open.o
 .bss           0x000000000001918c        0x0 lib/read.o
 .bss           0x000000000001918c        0x0 lib/write.o
 .bss           0x000000000001918c        0x0 lib/close.o
 .bss           0x000000000001918c        0x0 lib/unlink.o
 .bss           0x000000000001918c        0x0 lib/getpid.o
 .bss           0x000000000001918c        0x0 lib/syslog.o
 .bss           0x000000000001918c        0x0 lib/fork.o
 .bss           0x000000000001918c        0x0 fs/main.o
 .bss           0x000000000001918c        0x0 fs/open.o
 .bss           0x000000000001918c        0x0 fs/misc.o
 .bss           0x000000000001918c        0x0 fs/read_write.o
 .bss           0x000000000001918c        0x0 fs/link.o
 *fill*         0x000000000001918c       0x14 
 .bss           0x00000000000191a0      0x208 fs/disklog.o
 *(COMMON)
 *fill*         0x00000000000193a8       0x18 
 COMMON         0x00000000000193c0     0x1abc kernel/main.o
                0x00000000000193c0                Map
                0x00000000000195e0                Snake
 *fill*         0x000000000001ae7c        0x4 
 COMMON         0x000000000001ae80    0x3cbc0 kernel/global.o
                0x000000000001ae80                idt_ptr
                0x000000000001aea0                inode_table
                0x000000000001cea0                task_stack
                0x0000000000054ea0                k_reenter
                0x0000000000054ec0                gdt
                0x00000000000552c0                current_console
                0x00000000000552c4                pcaller
                0x00000000000552e0                tty_table
                0x0000000000055f60                tss
                0x0000000000055fe0                fs_msg
                0x0000000000056020                f_desc_table
                0x0000000000056420                root_inode
                0x0000000000056424                disp_pos
                0x0000000000056428                key_pressed
                0x000000000005642c                gdt_ptr
                0x0000000000056440                idt
                0x0000000000056c40                super_block
                0x0000000000056e20                ticks
                0x0000000000056e40                console_table
                0x0000000000056e80                irq_table
                0x0000000000056ec0                p_proc_ready
                0x0000000000056ee0                proc_table
 COMMON         0x0000000000057a40       0x10 kernel/hd.o
                0x0000000000057a40                PARTITION_ENTRY
                0x0000000000057a50                . = ALIGN ((. != 0x0)?0x4:0x1)
                0x0000000000057a50                . = ALIGN (0x4)
                0x0000000000057a50                . = SEGMENT_START ("ldata-segment", .)
                0x0000000000057a50                . = ALIGN (0x4)
                0x0000000000057a50                _end = .
                [!provide]                        PROVIDE (end = .)
                0x0000000000057a50                . = DATA_SEGMENT_END (.)

.stab
 *(.stab)

.stabstr
 *(.stabstr)

.stab.excl
 *(.stab.excl)

.stab.exclstr
 *(.stab.exclstr)

.stab.index
 *(.stab.index)

.stab.indexstr
 *(.stab.indexstr)

.comment        0x0000000000000000       0x24
 *(.comment)
 .comment       0x0000000000000000       0x24 kernel/start.o
                                         0x25 (size before relaxing)
 .comment       0x0000000000000024       0x25 kernel/main.o
 .comment       0x0000000000000024       0x25 kernel/clock.o
 .comment       0x0000000000000024       0x25 kernel/keyboard.o
 .comment       0x0000000000000024       0x25 kernel/tty.o
 .comment       0x0000000000000024       0x25 kernel/console.o
 .comment       0x0000000000000024       0x25 kernel/i8259.o
 .comment       0x0000000000000024       0x25 kernel/global.o
 .comment       0x0000000000000024       0x25 kernel/protect.o
 .comment       0x0000000000000024       0x25 kernel/proc.o
 .comment       0x0000000000000024       0x25 kernel/systask.o
 .comment       0x0000000000000024       0x25 kernel/hd.o
 .comment       0x0000000000000024       0x25 lib/printf.o
 .comment       0x0000000000000024       0x25 lib/vsprintf.o
 .comment       0x0000000000000024       0x25 lib/klib.o
 .comment       0x0000000000000024       0x25 lib/ls.o
 .comment       0x0000000000000024       0x25 lib/sl.o
 .comment       0x0000000000000024       0x25 lib/misc.o
 .comment       0x0000000000000024       0x25 lib/mkdir.o
 .comment       0x0000000000000024       0x25 lib/open.o
 .comment       0x0000000000000024       0x25 lib/read.o
 .comment       0x0000000000000024       0x25 lib/write.o
 .comment       0x0000000000000024       0x25 lib/close.o
 .comment       0x0000000000000024       0x25 lib/unlink.o
 .comment       0x0000000000000024       0x25 lib/getpid.o
 .comment       0x0000000000000024       0x25 lib/syslog.o
 .comment       0x0000000000000024       0x25 lib/fork.o
 .comment       0x0000000000000024       0x25 fs/main.o
 .comment       0x0000000000000024       0x25 fs/open.o
 .comment       0x0000000000000024       0x25 fs/misc.o
 .comment       0x0000000000000024       0x25 fs/read_write.o
 .comment       0x0000000000000024       0x25 fs/link.o
 .comment       0x0000000000000024       0x25 fs/disklog.o

.gnu.build.attributes
 *(.gnu.build.attributes .gnu.build.attributes.*)

.debug
 *(.debug)

.line
 *(.line)

.debug_srcinfo
 *(.debug_srcinfo)

.debug_sfnames
 *(.debug_sfnames)

.debug_aranges
 *(.debug_aranges)

.debug_pubnames
 *(.debug_pubnames)

.debug_info
 *(.debug_info .gnu.linkonce.wi.*)

.debug_abbrev
 *(.debug_abbrev)

.debug_line
 *(.debug_line .debug_line.* .debug_line_end)

.debug_frame
 *(.debug_frame)

.debug_str
 *(.debug_str)

.debug_loc
 *(.debug_loc)

.debug_macinfo
 *(.debug_macinfo)

.debug_weaknames
 *(.debug_weaknames)

.debug_funcnames
 *(.debug_funcnames)

.debug_typenames
 *(.debug_typenames)

.debug_varnames
 *(.debug_varnames)

.debug_pubtypes
 *(.debug_pubtypes)

.debug_ranges
 *(.debug_ranges)

.debug_macro
 *(.debug_macro)

.debug_addr
 *(.debug_addr)

.gnu.attributes
 *(.gnu.attributes)

/DISCARD/
 *(.note.GNU-stack)
 *(.gnu_debuglink)
 *(.gnu.lto_*)
OUTPUT(kernel.bin elf32-i386)
